Microsoft (R) Macro Assembler Version 14.29.30136.0	    12/05/21 19:07:33
writeLine.asm						     Page 1 - 1


				.386P
				.model flat

				extern _ExitProcess@4: near
				extern _GetStdHandle@4: near
				extern _WriteConsoleA@20: near
				extern _ReadConsoleA@20: near

 00000000			.DATA

 00000000 00000000		handle		dword       ?
 00000004 00000000		written		dword		?

 00000000			.CODE

 00000000			writeLine PROC near

 00000000  55				push	ebp
 00000001  8B EC			mov		ebp,	esp
 00000003  8B 55 08			mov		edx,	[ebp+8]
 00000006  8B DA			mov		ebx,	edx

 00000008			_Loop:
 00000008  8A 02			mov		al,	[edx]
 0000000A  83 C2 01			add		edx,	1
 0000000D  3C 0A			cmp		al,		10
 0000000F  75 F7			jne		_loop
 00000011  2B D3			sub		edx,	ebx			;edx has count
 00000013  83 EA 01			sub		edx,	1
					; push	eax
					; cmp		writeBuffer,	0
					; jmp		_Loop
					; handle = GetStdHandle(-11)

 00000016  6A F5			push -11
 00000018  E8 00000000 E		call _GetStdHandle@4
 0000001D  A3 00000000 R		mov		handle, eax

					; WriteConsole(handle, &msg[0], 13, &written, 0)
 00000022  6A 00			push	0							; reserved argument, always needed
 00000024  68 00000004 R		push	offset written				; stores number of bytes it wrote, pass a memory address to this
 00000029  52				push	edx							; the number of bytes youre asking it to write
 0000002A  53				push	ebx							; address of where the message is
 0000002B  FF 35 00000000 R		push	handle						; handle of the output from GetStdHandle
 00000031  E8 00000000 E		call	_WriteConsoleA@20			; call function
 00000036  5D				pop		ebp
 00000037  C2 0004			ret		4

 0000003A			writeLine ENDP
				END
Microsoft (R) Macro Assembler Version 14.29.30136.0	    12/05/21 19:07:33
writeLine.asm						     Symbols 2 - 1




Segments and Groups:

                N a m e                 Size     Length   Align   Combine Class

FLAT . . . . . . . . . . . . . .	GROUP
_DATA  . . . . . . . . . . . . .	32 Bit	 00000008 Para	  Public  'DATA'	
_TEXT  . . . . . . . . . . . . .	32 Bit	 0000003A Para	  Public  'CODE'	


Procedures, parameters, and locals:

                N a m e                 Type     Value    Attr

writeLine  . . . . . . . . . . .	P Near	 00000000 _TEXT	Length= 0000003A Public
  _Loop  . . . . . . . . . . . .	L Near	 00000008 _TEXT	


Symbols:

                N a m e                 Type     Value    Attr

@CodeSize  . . . . . . . . . . .	Number	 00000000h   
@DataSize  . . . . . . . . . . .	Number	 00000000h   
@Interface . . . . . . . . . . .	Number	 00000000h   
@Model . . . . . . . . . . . . .	Number	 00000007h   
@code  . . . . . . . . . . . . .	Text   	 _TEXT
@data  . . . . . . . . . . . . .	Text   	 FLAT
@fardata?  . . . . . . . . . . .	Text   	 FLAT
@fardata . . . . . . . . . . . .	Text   	 FLAT
@stack . . . . . . . . . . . . .	Text   	 FLAT
_ExitProcess@4 . . . . . . . . .	L Near	 00000000 FLAT	External
_GetStdHandle@4  . . . . . . . .	L Near	 00000000 FLAT	External
_ReadConsoleA@20 . . . . . . . .	L Near	 00000000 FLAT	External
_WriteConsoleA@20  . . . . . . .	L Near	 00000000 FLAT	External
handle . . . . . . . . . . . . .	DWord	 00000000 _DATA	
written  . . . . . . . . . . . .	DWord	 00000004 _DATA	

	   0 Warnings
	   0 Errors
