Microsoft (R) Macro Assembler Version 14.26.28806.0	    11/03/21 19:26:23
main.asm						     Page 1 - 1


				.386P
				.model flat
				extern _ExitProcess@4: near
				extern _GetStdHandle@4: near
				extern _WriteConsoleA@20: near
				extern _ReadConsoleA@20: near

 00000000			.data

 00000000 0000000A		num1		dword		10
 00000004 00000014		num2		dword		20
 00000008 0000001E		num3		dword		30
 0000000C 00000028		num4		dword		40

 00000000			.code

 00000000			main PROC near
 00000000			_main:

 00000000  A1 00000000 R		mov		eax,		num1
 00000005  8B 15 00000004 R		mov		edx,		num2
 0000000B  8B 1D 00000008 R		mov		ebx,		num3
 00000011  8B 0D 0000000C R		mov		ecx,		num4

 00000017  91				xchg	eax,		ecx
 00000018  87 D3			xchg	edx,		ebx

 0000001A  6A 00			push		0
 0000001C  E8 00000000 E		call		_ExitProcess@4

 00000021			main ENDP
				END
Microsoft (R) Macro Assembler Version 14.26.28806.0	    11/03/21 19:26:23
main.asm						     Symbols 2 - 1




Segments and Groups:

                N a m e                 Size     Length   Align   Combine Class

FLAT . . . . . . . . . . . . . .	GROUP
_DATA  . . . . . . . . . . . . .	32 Bit	 00000010 Para	  Public  'DATA'	
_TEXT  . . . . . . . . . . . . .	32 Bit	 00000021 Para	  Public  'CODE'	


Procedures, parameters, and locals:

                N a m e                 Type     Value    Attr

main . . . . . . . . . . . . . .	P Near	 00000000 _TEXT	Length= 00000021 Public
  _main  . . . . . . . . . . . .	L Near	 00000000 _TEXT	


Symbols:

                N a m e                 Type     Value    Attr

@CodeSize  . . . . . . . . . . .	Number	 00000000h   
@DataSize  . . . . . . . . . . .	Number	 00000000h   
@Interface . . . . . . . . . . .	Number	 00000000h   
@Model . . . . . . . . . . . . .	Number	 00000007h   
@code  . . . . . . . . . . . . .	Text   	 _TEXT
@data  . . . . . . . . . . . . .	Text   	 FLAT
@fardata?  . . . . . . . . . . .	Text   	 FLAT
@fardata . . . . . . . . . . . .	Text   	 FLAT
@stack . . . . . . . . . . . . .	Text   	 FLAT
_ExitProcess@4 . . . . . . . . .	L Near	 00000000 FLAT	External
_GetStdHandle@4  . . . . . . . .	L Near	 00000000 FLAT	External
_ReadConsoleA@20 . . . . . . . .	L Near	 00000000 FLAT	External
_WriteConsoleA@20  . . . . . . .	L Near	 00000000 FLAT	External
num1 . . . . . . . . . . . . . .	DWord	 00000000 _DATA	
num2 . . . . . . . . . . . . . .	DWord	 00000004 _DATA	
num3 . . . . . . . . . . . . . .	DWord	 00000008 _DATA	
num4 . . . . . . . . . . . . . .	DWord	 0000000C _DATA	

	   0 Warnings
	   0 Errors
